ASxxxx Linker V03.00 + NoICE + sdld,  page 1.
Hexadecimal  [32-Bits]

Area                                    Addr        Size        Decimal Bytes (Attributes)
--------------------------------        ----        ----        ------- ----- ------------
CABS                                00000000    00000000 =           0. bytes (ABS,CON,CODE)

      Value  Global                              Global Defined In Module
      -----  --------------------------------   ------------------------
C:   00000000  l_BIT_BANK                      
C:   00000000  l_BSEG                          
C:   00000000  l_BSEG_BYTES                    
C:   00000000  l_CABS                          
C:   00000000  l_GSINIT1                       
C:   00000000  l_GSINIT5                       
C:   00000000  l_IABS                          
C:   00000000  l_PSEG                          
C:   00000000  l_REG_BANK_1                    
C:   00000000  l_REG_BANK_2                    
C:   00000000  l_REG_BANK_3                    
C:   00000000  l_RSEG                          
C:   00000000  l_RSEG0                         
C:   00000000  l_RSEG1                         
C:   00000000  l_XABS                          
C:   00000000  l_XINIT                         
C:   00000000  l_XISEG                         
C:   00000000  l_XSEG                          
C:   00000000  l__CODE                         
C:   00000000  s_BSEG                          
C:   00000000  s_CABS                          
C:   00000000  s_DSEG                          
C:   00000000  s_HOME                          
C:   00000000  s_IABS                          
C:   00000000  s_REG_BANK_0                    
C:   00000000  s_RSEG                          
C:   00000000  s_RSEG0                         
C:   00000000  s_RSEG1                         
C:   00000000  s_XABS                          
C:   00000001  s_PSEG                          
C:   00000001  s_XISEG                         
C:   00000001  s_XSEG                          
C:   00000003  l_GSFINAL                       
C:   00000003  l_GSINIT0                       
C:   00000004  l_OSEG                          
C:   00000006  l_HOME                          
C:   00000006  s_GSINIT0                       
C:   00000007  l_GSINIT                        
C:   00000008  l_REG_BANK_0                    
C:   00000008  s_REG_BANK_1                    
C:   00000009  s_GSINIT1                       
C:   00000009  s_GSINIT2                       
C:   0000000A  l_GSINIT2                       
C:   00000010  s_REG_BANK_2                    
C:   00000013  s_GSINIT3                       
C:   00000018  s_BIT_BANK                      
C:   00000018  s_REG_BANK_3                    
C:   00000020  s_BSEG_BYTES                    
C:   00000020  s__CODE                         
C:   00000022  l_GSINIT3                       
ASxxxx Linker V03.00 + NoICE + sdld,  page 2.
Hexadecimal  [32-Bits]

Area                                    Addr        Size        Decimal Bytes (Attributes)
--------------------------------        ----        ----        ------- ----- ------------
CABS                                00000000    00000000 =           0. bytes (ABS,CON,CODE)

      Value  Global                              Global Defined In Module
      -----  --------------------------------   ------------------------
C:   0000002A  l_GSINIT4                       
C:   00000035  s_GSINIT4                       
C:   0000003D  s_OSEG                          
C:   0000003E  l_SSEG                          
C:   00000041  s_ISEG                          
C:   0000005F  s_GSINIT                        
C:   0000005F  s_GSINIT5                       
C:   00000066  s_GSFINAL                       
C:   00000069  s_CSEG                          
C:   00000080  l_DSEG                          
C:   00000081  l_ISEG                          
C:   000000C2  s_SSEG                          
C:   00000100  l_IRAM                          
C:   00000114  l_CONST                         
C:   00001D30  l_CSEG                          
C:   00001D99  s_CONST                         
C:   00001EAD  s_XINIT                         

ASxxxx Linker V03.00 + NoICE + sdld,  page 3.
Hexadecimal  [32-Bits]

Area                                    Addr        Size        Decimal Bytes (Attributes)
--------------------------------        ----        ----        ------- ----- ------------
.  .ABS.                            00000000    00000000 =           0. bytes (ABS,CON)

      Value  Global                              Global Defined In Module
      -----  --------------------------------   ------------------------
     00000000  .__.ABS.                           _startup
     00000080  _P0                                main
     00000080  _P0_0                              main
     00000081  _P0_1                              main
     00000081  _SP                                main
     00000082  _DPL                               main
     00000082  _P0_2                              main
     00000083  _DPH                               main
     00000083  _P0_3                              main
     00000084  _P0_4                              main
     00000085  _P0_5                              main
     00000086  _P0_6                              main
     00000087  _P0_7                              main
     00000087  _PCON                              main
     00000088  _IT0                               main
     00000088  _TCON                              main
     00000089  _IE0                               main
     00000089  _TMOD                              main
     0000008A  _IT1                               main
     0000008A  _TL0                               main
     0000008B  _IE1                               main
     0000008B  _TL1                               main
     0000008C  _TH0                               main
     0000008C  _TR0                               main
     0000008D  _TF0                               main
     0000008D  _TH1                               main
     0000008E  _TR1                               main
     0000008F  _TF1                               main
     00000090  _P1                                main
     00000090  _P1_0                              main
     00000091  _P1_1                              main
     00000092  _P1_2                              main
     00000093  _P1_3                              main
     00000094  _P1_4                              main
     00000095  _P1_5                              main
     00000096  _P1_6                              main
     00000097  _P1_7                              main
     00000098  _RI                                main
     00000098  _SCON                              main
     00000099  _SBUF                              main
     00000099  _TI                                main
     0000009A  _RB8                               main
     0000009B  _TB8                               main
     0000009C  _REN                               main
     0000009D  _SM2                               main
     0000009E  _SM1                               main
     0000009F  _SM0                               main
     000000A0  _P2                                main
     000000A0  _P2_0                              main
     000000A0  __XPAGE                            
ASxxxx Linker V03.00 + NoICE + sdld,  page 4.
Hexadecimal  [32-Bits]

Area                                    Addr        Size        Decimal Bytes (Attributes)
--------------------------------        ----        ----        ------- ----- ------------
.  .ABS.                            00000000    00000000 =           0. bytes (ABS,CON)

      Value  Global                              Global Defined In Module
      -----  --------------------------------   ------------------------
     000000A1  _P2_1                              main
     000000A2  _P2_2                              main
     000000A3  _P2_3                              main
     000000A4  _P2_4                              main
     000000A5  _P2_5                              main
     000000A6  _P2_6                              main
     000000A7  _P2_7                              main
     000000A8  _EX0                               main
     000000A8  _IE                                main
     000000A9  _ET0                               main
     000000AA  _EX1                               main
     000000AB  _ET1                               main
     000000AC  _ES                                main
     000000AD  _ET2                               main
     000000AF  _EA                                main
     000000B0  _P3                                main
     000000B0  _P3_0                              main
     000000B0  _RXD                               main
     000000B1  _P3_1                              main
     000000B1  _TXD                               main
     000000B2  _INT0                              main
     000000B2  _P3_2                              main
     000000B3  _INT1                              main
     000000B3  _P3_3                              main
     000000B4  _P3_4                              main
     000000B4  _T0                                main
     000000B5  _P3_5                              main
     000000B5  _T1                                main
     000000B6  _P3_6                              main
     000000B6  _WR                                main
     000000B7  _P3_7                              main
     000000B7  _RD                                main
     000000B8  _IP                                main
     000000B8  _PX0                               main
     000000B9  _PT0                               main
     000000BA  _PX1                               main
     000000BB  _PT1                               main
     000000BC  _PS                                main
     000000BD  _PT2                               main
     000000C8  _CP_RL2                            main
     000000C8  _T2CON                             main
     000000C8  _T2CON_0                           main
     000000C9  _C_T2                              main
     000000C9  _T2CON_1                           main
     000000CA  _RCAP2L                            main
     000000CA  _T2CON_2                           main
     000000CA  _TR2                               main
     000000CB  _EXEN2                             main
     000000CB  _RCAP2H                            main
     000000CB  _T2CON_3                           main
     000000CC  _T2CON_4                           main
ASxxxx Linker V03.00 + NoICE + sdld,  page 5.
Hexadecimal  [32-Bits]

Area                                    Addr        Size        Decimal Bytes (Attributes)
--------------------------------        ----        ----        ------- ----- ------------
.  .ABS.                            00000000    00000000 =           0. bytes (ABS,CON)

      Value  Global                              Global Defined In Module
      -----  --------------------------------   ------------------------
     000000CC  _TCLK                              main
     000000CC  _TL2                               main
     000000CD  _RCLK                              main
     000000CD  _T2CON_5                           main
     000000CD  _TH2                               main
     000000CE  _EXF2                              main
     000000CE  _T2CON_6                           main
     000000CF  _T2CON_7                           main
     000000CF  _TF2                               main
     000000D0  _P                                 main
     000000D0  _PSW                               main
     000000D1  _F1                                main
     000000D2  _OV                                main
     000000D3  _RS0                               main
     000000D4  _RS1                               main
     000000D5  _F0                                main
     000000D6  _AC                                main
     000000D7  _CY                                main
     000000E0  _ACC                               main
     000000F0  _B                                 main
     000000F5  _B_5                               _gptrget
     000000F6  _B_6                               _gptrget
     000000F7  _B_7                               _gptrget

ASxxxx Linker V03.00 + NoICE + sdld,  page 6.
Hexadecimal  [32-Bits]

Area                                    Addr        Size        Decimal Bytes (Attributes)
--------------------------------        ----        ----        ------- ----- ------------
REG_BANK_0                          00000000    00000008 =           8. bytes (REL,OVR)

      Value  Global                              Global Defined In Module
      -----  --------------------------------   ------------------------
ASxxxx Linker V03.00 + NoICE + sdld,  page 7.
Hexadecimal  [32-Bits]

Area                                    Addr        Size        Decimal Bytes (Attributes)
--------------------------------        ----        ----        ------- ----- ------------
DSEG                                00000000    00000080 =         128. bytes (REL,CON)

      Value  Global                              Global Defined In Module
      -----  --------------------------------   ------------------------
     00000008  _hex2dec_PARM_2                    main
     00000009  _UartWriteBuff_PARM_2              main
     0000000A  _UartReadBuff_PARM_2               main
     0000000B  _spi_transfer_all_PARM_2           main
     0000000C  _spi_transfer_all_PARM_3           main
     0000000D  _sd_cmd_PARM_2                     main
     00000011  _sd_acmd_PARM_2                    main
     00000015  _SDreadBlock_PARM_2                main
     00000018  _HELPER_filename_to_8dot3filenam   main
     0000002B  _EEPROM_WRITE_PROTECTION           main
     0000003C  _bp                                _bp

ASxxxx Linker V03.00 + NoICE + sdld,  page 8.
Hexadecimal  [32-Bits]

Area                                    Addr        Size        Decimal Bytes (Attributes)
--------------------------------        ----        ----        ------- ----- ------------
OSEG                                0000003D    00000004 =           4. bytes (REL,OVR)

      Value  Global                              Global Defined In Module
      -----  --------------------------------   ------------------------
     0000003D  _HELPER_strcmp_PARM_2              main
     0000003D  _HELPER_strncmp_PARM_2             main
     0000003D  __divsint_PARM_2                   _divuint
     0000003D  __divslong_PARM_2                  _divulong
     0000003D  __divuint_PARM_2                   _divuint
     0000003D  __divulong_PARM_2                  _divulong
     0000003D  __gptrput_PARM_2                   _gptrput
     0000003D  __modsint_PARM_2                   _moduint
     0000003D  __modslong_PARM_2                  _modulong
     0000003D  __moduint_PARM_2                   _moduint
     0000003D  __modulong_PARM_2                  _modulong
     0000003D  __mulint_PARM_2                    _mulint
     0000003D  __mullong_PARM_2                   _mullong
     0000003D  _spi_transfer_PARM_2               main
     00000040  _HELPER_strncmp_PARM_3             main
ASxxxx Linker V03.00 + NoICE + sdld,  page 9.
Hexadecimal  [32-Bits]

Area                                    Addr        Size        Decimal Bytes (Attributes)
--------------------------------        ----        ----        ------- ----- ------------
ISEG                                00000041    00000081 =         129. bytes (REL,CON)

      Value  Global                              Global Defined In Module
      -----  --------------------------------   ------------------------
ASxxxx Linker V03.00 + NoICE + sdld,  page 10.
Hexadecimal  [32-Bits]

Area                                    Addr        Size        Decimal Bytes (Attributes)
--------------------------------        ----        ----        ------- ----- ------------
SSEG                                000000C2    0000003E =          62. bytes (REL,OVR)

      Value  Global                              Global Defined In Module
      -----  --------------------------------   ------------------------
     000000C2  __start__stack                     main

ASxxxx Linker V03.00 + NoICE + sdld,  page 11.
Hexadecimal  [32-Bits]

Area                                    Addr        Size        Decimal Bytes (Attributes)
--------------------------------        ----        ----        ------- ----- ------------
HOME                                00000000    00000006 =           6. bytes (REL,CON,CODE)

      Value  Global                              Global Defined In Module
      -----  --------------------------------   ------------------------
C:   00000003  __sdcc_program_startup             main

ASxxxx Linker V03.00 + NoICE + sdld,  page 12.
Hexadecimal  [32-Bits]

Area                                    Addr        Size        Decimal Bytes (Attributes)
--------------------------------        ----        ----        ------- ----- ------------
GSINIT0                             00000006    00000003 =           3. bytes (REL,CON,CODE)

      Value  Global                              Global Defined In Module
      -----  --------------------------------   ------------------------
C:   00000006  __sdcc_gsinit_startup              

ASxxxx Linker V03.00 + NoICE + sdld,  page 13.
Hexadecimal  [32-Bits]

Area                                    Addr        Size        Decimal Bytes (Attributes)
--------------------------------        ----        ----        ------- ----- ------------
GSINIT2                             00000009    0000000A =          10. bytes (REL,CON,CODE)

      Value  Global                              Global Defined In Module
      -----  --------------------------------   ------------------------
ASxxxx Linker V03.00 + NoICE + sdld,  page 14.
Hexadecimal  [32-Bits]

Area                                    Addr        Size        Decimal Bytes (Attributes)
--------------------------------        ----        ----        ------- ----- ------------
GSINIT3                             00000013    00000022 =          34. bytes (REL,CON,CODE)

      Value  Global                              Global Defined In Module
      -----  --------------------------------   ------------------------
C:   00000013  __mcs51_genXINIT                   

ASxxxx Linker V03.00 + NoICE + sdld,  page 15.
Hexadecimal  [32-Bits]

Area                                    Addr        Size        Decimal Bytes (Attributes)
--------------------------------        ----        ----        ------- ----- ------------
GSINIT4                             00000035    0000002A =          42. bytes (REL,CON,CODE)

      Value  Global                              Global Defined In Module
      -----  --------------------------------   ------------------------
C:   00000035  __mcs51_genRAMCLEAR                
C:   0000003B  __mcs51_genXRAMCLEAR               

ASxxxx Linker V03.00 + NoICE + sdld,  page 16.
Hexadecimal  [32-Bits]

Area                                    Addr        Size        Decimal Bytes (Attributes)
--------------------------------        ----        ----        ------- ----- ------------
GSINIT                              0000005F    00000007 =           7. bytes (REL,CON,CODE)

      Value  Global                              Global Defined In Module
      -----  --------------------------------   ------------------------
ASxxxx Linker V03.00 + NoICE + sdld,  page 17.
Hexadecimal  [32-Bits]

Area                                    Addr        Size        Decimal Bytes (Attributes)
--------------------------------        ----        ----        ------- ----- ------------
GSFINAL                             00000066    00000003 =           3. bytes (REL,CON,CODE)

      Value  Global                              Global Defined In Module
      -----  --------------------------------   ------------------------
ASxxxx Linker V03.00 + NoICE + sdld,  page 18.
Hexadecimal  [32-Bits]

Area                                    Addr        Size        Decimal Bytes (Attributes)
--------------------------------        ----        ----        ------- ----- ------------
CSEG                                00000069    00001D30 =        7472. bytes (REL,CON,CODE)

      Value  Global                              Global Defined In Module
      -----  --------------------------------   ------------------------
C:   00000069  _hexNibble2dec                     main
C:   000000A3  _hex2dec                           main
C:   000000BD  _dec2hexNibble                     main
C:   000000DB  _UartBegin                         main
C:   000000EA  _UartReadReady                     main
C:   000000F5  _UartRead                          main
C:   000000FE  _UartWrite                         main
C:   00000107  _UartWriteBuff                     main
C:   0000013F  _UartReadBuff                      main
C:   00000184  _UartPrint                         main
C:   000001B6  _UartWriteNumber                   main
C:   00000275  _UartWriteNumbers                  main
C:   000002CA  _UartPrintNumber                   main
C:   000003C4  _UartScanByte                      main
C:   000003FE  _UartScanLine                      main
C:   0000048A  _spi_init                          main
C:   00000497  _spi_transfer                      main
C:   000004DB  _spi_transfer_all                  main
C:   00000525  _sd_isbusy                         main
C:   00000547  _sd_initial_clk                    main
C:   00000562  _sd_cmd                            main
C:   00000692  _sd_acmd                           main
C:   000006C3  _SDinit                            main
C:   00000747  _SDread                            main
C:   00000863  _SDreadBlock                       main
C:   0000088D  _HELPER_load_littleendian16        main
C:   000008BB  _HELPER_load_littleendian32        main
C:   0000095E  _HELPER_strcmp                     main
C:   0000099F  _HELPER_strncmp                    main
C:   000009E8  _HELPER_strlen                     main
C:   00000A16  _HELPER_rootentry_type             main
C:   00000A92  _HELPER_to_uppercase               main
C:   00000ACF  _HELPER_filename_to_8dot3filenam   main
C:   00000C17  _MBR_CHECK__SIGNATURE              main
C:   00000C69  _MBR_LOAD_PARTITION_TABLE_ENTRY    main
C:   00000CF5  _MBR_DETECT_FAT16                  main
C:   00000D2C  _VBR_MOUNT_VBR                     main
C:   00000F48  _VBR_FAT16_CHECK_COMPATIBILITY     main
C:   00000F6A  _FAT16_ROOTENTRY_DUMP              main
C:   00001018  _FAT16_LOAD_ROOTENTRY              main
C:   00001154  _FAT16_IS_ROOTENTRY_VALID_FILE     main
C:   000011A2  _FAT16_ROOTENTRY_READ              main
C:   000011C3  _FAT16_ROOTENTRY_SCAN_RESET        main
C:   000011D5  _FAT16_ROOTENTRY_SCAN              main
C:   000011F8  _FAT16_FILE_OPEN                   main
C:   00001290  _FAT16_GET_NEXT_CLUSTER            main
C:   00001375  _FAT16_FILE_READ                   main
C:   000015DE  _FAT16_FILE_CAT                    main
C:   00001642  _SL_disable_write_protection       main
C:   0000166B  _SL_enable_write_protection        main
ASxxxx Linker V03.00 + NoICE + sdld,  page 19.
Hexadecimal  [32-Bits]

Area                                    Addr        Size        Decimal Bytes (Attributes)
--------------------------------        ----        ----        ------- ----- ------------
CSEG                                00000069    00001D30 =        7472. bytes (REL,CON,CODE)

      Value  Global                              Global Defined In Module
      -----  --------------------------------   ------------------------
C:   00001674  _SL_write                          main
C:   000016C5  _SL_read                           main
C:   000016F2  _SL_getcmd                         main
C:   00001761  _SelectFAT16PartitionPrompt        main
C:   000018E1  _SelectFileAndFileOpen             main
C:   00001974  _main                              main
C:   00001AF4  _SERIAL_LOADER_VERSION_INFO        main
C:   00001B07  __divuint                          _divuint
C:   00001B30  __modulong                         _modulong
C:   00001BB3  __divulong                         _divulong
C:   00001C18  __gptrput                          _gptrput
C:   00001C33  __mulint                           _mulint
C:   00001C33  __mulint_dummy                     _mulint
C:   00001C50  __moduint                          _moduint
C:   00001C9D  __mullong                          _mullong
C:   00001C9D  __mullong_dummy                    _mullong
C:   00001D0B  __gptrget                          _gptrget
C:   00001D27  __modsint                          _modsint
C:   00001D5D  __divsint                          _divsint
C:   00001D95  __sdcc_external_startup            _startup

ASxxxx Linker V03.00 + NoICE + sdld,  page 20.
Hexadecimal  [32-Bits]

Area                                    Addr        Size        Decimal Bytes (Attributes)
--------------------------------        ----        ----        ------- ----- ------------
CONST                               00001D99    00000114 =         276. bytes (REL,CON,CODE)

      Value  Global                              Global Defined In Module
      -----  --------------------------------   ------------------------
ASxxxx Linker V03.00 + NoICE + sdld,  page 21.

Files Linked                              [ module(s) ]

main.rel                                  [  ]


Libraries Linked                          [ object file ]

/home/sampad/SOFTWARE/sdcc-3.9.0/bin/../share/sdcc/lib/small/libint.lib
                                          [ _divuint.rel ]
/home/sampad/SOFTWARE/sdcc-3.9.0/bin/../share/sdcc/lib/small/liblong.lib
                                          [ _modulong.rel ]
/home/sampad/SOFTWARE/sdcc-3.9.0/bin/../share/sdcc/lib/small/liblong.lib
                                          [ _divulong.rel ]
/home/sampad/SOFTWARE/sdcc-3.9.0/bin/../share/sdcc/lib/small/mcs51.lib
                                          [ crtclear.rel ]
/home/sampad/SOFTWARE/sdcc-3.9.0/bin/../share/sdcc/lib/small/mcs51.lib
                                          [ crtxinit.rel ]
/home/sampad/SOFTWARE/sdcc-3.9.0/bin/../share/sdcc/lib/small/libsdcc.lib
                                          [ _gptrput.rel ]
/home/sampad/SOFTWARE/sdcc-3.9.0/bin/../share/sdcc/lib/small/libint.lib
                                          [ _mulint.rel ]
/home/sampad/SOFTWARE/sdcc-3.9.0/bin/../share/sdcc/lib/small/libint.lib
                                          [ _moduint.rel ]
/home/sampad/SOFTWARE/sdcc-3.9.0/bin/../share/sdcc/lib/small/liblong.lib
                                          [ _mullong.rel ]
/home/sampad/SOFTWARE/sdcc-3.9.0/bin/../share/sdcc/lib/small/mcs51.lib
                                          [ crtxclear.rel ]
/home/sampad/SOFTWARE/sdcc-3.9.0/bin/../share/sdcc/lib/small/libsdcc.lib
                                          [ _bp.rel ]
/home/sampad/SOFTWARE/sdcc-3.9.0/bin/../share/sdcc/lib/small/mcs51.lib
                                          [ crtpagesfr.rel ]
/home/sampad/SOFTWARE/sdcc-3.9.0/bin/../share/sdcc/lib/small/mcs51.lib
                                          [ crtstart.rel ]
/home/sampad/SOFTWARE/sdcc-3.9.0/bin/../share/sdcc/lib/small/libsdcc.lib
                                          [ _gptrget.rel ]
/home/sampad/SOFTWARE/sdcc-3.9.0/bin/../share/sdcc/lib/small/libint.lib
                                          [ _modsint.rel ]
/home/sampad/SOFTWARE/sdcc-3.9.0/bin/../share/sdcc/lib/small/libint.lib
                                          [ _divsint.rel ]
/home/sampad/SOFTWARE/sdcc-3.9.0/bin/../share/sdcc/lib/small/libsdcc.lib
                                          [ _startup.rel ]

ASxxxx Linker V03.00 + NoICE + sdld,  page 22.

User Base Address Definitions

HOME = 0x0000
XSEG = 0x0001
PSEG = 0x0001
ISEG = 0x0000
BSEG = 0x0000

